<!DOCTYPE html PUBLIC "-//W3C//DTD HTML 4.0 Transitional//EN" "http://www.w3.org/TR/REC-html40/loose.dtd">
<html><body>
<picture>
    <source type="image/webp" srcset="https://example.imgix.net/wallpaper.png?crop=edges&amp;dpr=1&amp;fit=crop&amp;fm=webp&amp;h=1080&amp;ixlib=php-3.3.0&amp;q=75&amp;w=1920 1x,
https://example.imgix.net/wallpaper.png?crop=edges&amp;dpr=2&amp;fit=crop&amp;fm=webp&amp;h=1080&amp;ixlib=php-3.3.0&amp;q=50&amp;w=1920 2x,
https://example.imgix.net/wallpaper.png?crop=edges&amp;dpr=3&amp;fit=crop&amp;fm=webp&amp;h=1080&amp;ixlib=php-3.3.0&amp;q=35&amp;w=1920 3x,
https://example.imgix.net/wallpaper.png?crop=edges&amp;dpr=4&amp;fit=crop&amp;fm=webp&amp;h=1080&amp;ixlib=php-3.3.0&amp;q=23&amp;w=1920 4x,
https://example.imgix.net/wallpaper.png?crop=edges&amp;dpr=5&amp;fit=crop&amp;fm=webp&amp;h=1080&amp;ixlib=php-3.3.0&amp;q=20&amp;w=1920 5x"></source>
    <img src="https://example.imgix.net/wallpaper.png?crop=edges&amp;fit=crop&amp;h=1080&amp;ixlib=php-3.3.0&amp;w=1920" srcset="https://example.imgix.net/wallpaper.png?crop=edges&amp;dpr=1&amp;fit=crop&amp;h=1080&amp;ixlib=php-3.3.0&amp;q=75&amp;w=1920 1x,
https://example.imgix.net/wallpaper.png?crop=edges&amp;dpr=2&amp;fit=crop&amp;h=1080&amp;ixlib=php-3.3.0&amp;q=50&amp;w=1920 2x,
https://example.imgix.net/wallpaper.png?crop=edges&amp;dpr=3&amp;fit=crop&amp;h=1080&amp;ixlib=php-3.3.0&amp;q=35&amp;w=1920 3x,
https://example.imgix.net/wallpaper.png?crop=edges&amp;dpr=4&amp;fit=crop&amp;h=1080&amp;ixlib=php-3.3.0&amp;q=23&amp;w=1920 4x,
https://example.imgix.net/wallpaper.png?crop=edges&amp;dpr=5&amp;fit=crop&amp;h=1080&amp;ixlib=php-3.3.0&amp;q=20&amp;w=1920 5x" width="1920" height="1080" loading="lazy">
</picture>
</body></html>
