<!DOCTYPE html PUBLIC "-//W3C//DTD HTML 4.0 Transitional//EN" "http://www.w3.org/TR/REC-html40/loose.dtd">
<html><body><div>
        <picture>
    <source type="image/webp" srcset="https://example.imgix.net/posts/my-cool-blog-post.png?crop=edges&amp;dpr=1&amp;fit=crop&amp;fm=webp&amp;h=432&amp;ixlib=php-3.3.0&amp;q=75&amp;w=768 1x,
https://example.imgix.net/posts/my-cool-blog-post.png?crop=edges&amp;dpr=2&amp;fit=crop&amp;fm=webp&amp;h=432&amp;ixlib=php-3.3.0&amp;q=50&amp;w=768 2x,
https://example.imgix.net/posts/my-cool-blog-post.png?crop=edges&amp;dpr=3&amp;fit=crop&amp;fm=webp&amp;h=432&amp;ixlib=php-3.3.0&amp;q=35&amp;w=768 3x,
https://example.imgix.net/posts/my-cool-blog-post.png?crop=edges&amp;dpr=4&amp;fit=crop&amp;fm=webp&amp;h=432&amp;ixlib=php-3.3.0&amp;q=23&amp;w=768 4x,
https://example.imgix.net/posts/my-cool-blog-post.png?crop=edges&amp;dpr=5&amp;fit=crop&amp;fm=webp&amp;h=432&amp;ixlib=php-3.3.0&amp;q=20&amp;w=768 5x"></source>
    <img src="https://example.imgix.net/posts/my-cool-blog-post.png?crop=edges&amp;fit=crop&amp;h=432&amp;ixlib=php-3.3.0&amp;w=768" srcset="https://example.imgix.net/posts/my-cool-blog-post.png?crop=edges&amp;dpr=1&amp;fit=crop&amp;h=432&amp;ixlib=php-3.3.0&amp;q=75&amp;w=768 1x,
https://example.imgix.net/posts/my-cool-blog-post.png?crop=edges&amp;dpr=2&amp;fit=crop&amp;h=432&amp;ixlib=php-3.3.0&amp;q=50&amp;w=768 2x,
https://example.imgix.net/posts/my-cool-blog-post.png?crop=edges&amp;dpr=3&amp;fit=crop&amp;h=432&amp;ixlib=php-3.3.0&amp;q=35&amp;w=768 3x,
https://example.imgix.net/posts/my-cool-blog-post.png?crop=edges&amp;dpr=4&amp;fit=crop&amp;h=432&amp;ixlib=php-3.3.0&amp;q=23&amp;w=768 4x,
https://example.imgix.net/posts/my-cool-blog-post.png?crop=edges&amp;dpr=5&amp;fit=crop&amp;h=432&amp;ixlib=php-3.3.0&amp;q=20&amp;w=768 5x" width="768" height="432" loading="lazy" class="rounded" alt="My cool Blog-Post">
</picture>
        <h1>My cool Blog-Post</h1>
    </div></body></html>
